stu_name	count(stu_id)
a	3
b	2
c	1
stu_name	count(stu_id)
a	3
b	2
c	1
stu_name	count(stu_id)
a	3
b	2
c	1
stu_name	count(stu_id)
a	3
b	2
c	1
stu_name	count(stu_name)
a	3
b	2
c	1
stu_name	count(stu_name)
a	3
b	2
c	1
stu_name	count(stu_id)
a	3
b	2
c	1
stu_name	count(stu_id)
a	3
b	2
c	1
stu_name	count(*)
a	3
b	2
c	1
stu_name	count(*)
a	3
b	2
c	1
