stu_name	
a	
a	
a	
b	
b	
c	
COUNT(stu_name)
6
COUNT(stu_id)
6
stu_name	
a	
a	
a	
b	
b	
c	
COUNT(*)
6
