COUNT(*)
6
COUNT(*)
1
COUNT(stu_name)
2
COUNT(stu_id)
2
stu_id	stu_name	
2018010143	b	
2018011243	a	
2018011344	b	
2018011445	c	
2018012345	c	
2018019143	NULL	
COUNT(stu_name)
5
