stu_name	count(stu_id)
a	3
b	2
c	1
stu_name	count(stu_id)
a	3
b	2
c	1
stu_name	count(stu_id)
a	3
b	2
c	1
stu_name	count(stu_id)
a	3
b	2
c	1
stu_name	count(stu_name)
a	3
b	2
c	1
stu_name	count(stu_name)
a	3
b	2
c	1
stu_name;	count(stu_id)
2018001344	1
2018001394	1
2018010243	1
2018011043	1
2018011243	1
2018011445	1
stu_name;	count(stu_id)
2018001344	1
2018001394	1
2018010243	1
2018011043	1
2018011243	1
2018011445	1
stu_name	count(*)
a	3
b	2
c	1
stu_name	count(*)
a	3
b	2
c	1
