Usage:D:\courses\this_semester\oop\homework\final_project\x64\Debug\final_project.exe <port>
